Archive member included to satisfy reference by file (symbol)

/home/jakub/programs/AC6/plugins/fr.ac6.mcu.externaltools.arm-none.linux64_1.11.0.201610101240/tools/gcc-arm-none-eabi-5_4-2016q2/bin/../lib/gcc/arm-none-eabi/5.4.1/armv6-m/libgcc.a(_thumb1_case_uqi.o)
                              Drivers/CMSIS/Device/ST/STM32L0xx/Source/Templates/system_stm32l0xx.o (__gnu_thumb1_case_uqi)
/home/jakub/programs/AC6/plugins/fr.ac6.mcu.externaltools.arm-none.linux64_1.11.0.201610101240/tools/gcc-arm-none-eabi-5_4-2016q2/bin/../lib/gcc/arm-none-eabi/5.4.1/armv6-m/libgcc.a(_udivsi3.o)
                              Drivers/CMSIS/Device/ST/STM32L0xx/Source/Templates/system_stm32l0xx.o (__aeabi_uidiv)
/home/jakub/programs/AC6/plugins/fr.ac6.mcu.externaltools.arm-none.linux64_1.11.0.201610101240/tools/gcc-arm-none-eabi-5_4-2016q2/bin/../lib/gcc/arm-none-eabi/5.4.1/armv6-m/libgcc.a(_dvmd_tls.o)
                              /home/jakub/programs/AC6/plugins/fr.ac6.mcu.externaltools.arm-none.linux64_1.11.0.201610101240/tools/gcc-arm-none-eabi-5_4-2016q2/bin/../lib/gcc/arm-none-eabi/5.4.1/armv6-m/libgcc.a(_udivsi3.o) (__aeabi_idiv0)
/home/jakub/programs/AC6/plugins/fr.ac6.mcu.externaltools.arm-none.linux64_1.11.0.201610101240/tools/gcc-arm-none-eabi-5_4-2016q2/bin/../lib/gcc/arm-none-eabi/5.4.1/../../../../arm-none-eabi/lib/armv6-m/libc_nano.a(lib_a-exit.o)
                              /home/jakub/programs/AC6/plugins/fr.ac6.mcu.externaltools.arm-none.linux64_1.11.0.201610101240/tools/gcc-arm-none-eabi-5_4-2016q2/bin/../lib/gcc/arm-none-eabi/5.4.1/../../../../arm-none-eabi/lib/armv6-m/crt0.o (exit)
/home/jakub/programs/AC6/plugins/fr.ac6.mcu.externaltools.arm-none.linux64_1.11.0.201610101240/tools/gcc-arm-none-eabi-5_4-2016q2/bin/../lib/gcc/arm-none-eabi/5.4.1/../../../../arm-none-eabi/lib/armv6-m/libc_nano.a(lib_a-impure.o)
                              /home/jakub/programs/AC6/plugins/fr.ac6.mcu.externaltools.arm-none.linux64_1.11.0.201610101240/tools/gcc-arm-none-eabi-5_4-2016q2/bin/../lib/gcc/arm-none-eabi/5.4.1/../../../../arm-none-eabi/lib/armv6-m/libc_nano.a(lib_a-exit.o) (_global_impure_ptr)
/home/jakub/programs/AC6/plugins/fr.ac6.mcu.externaltools.arm-none.linux64_1.11.0.201610101240/tools/gcc-arm-none-eabi-5_4-2016q2/bin/../lib/gcc/arm-none-eabi/5.4.1/../../../../arm-none-eabi/lib/armv6-m/libc_nano.a(lib_a-init.o)
                              /home/jakub/programs/AC6/plugins/fr.ac6.mcu.externaltools.arm-none.linux64_1.11.0.201610101240/tools/gcc-arm-none-eabi-5_4-2016q2/bin/../lib/gcc/arm-none-eabi/5.4.1/../../../../arm-none-eabi/lib/armv6-m/crt0.o (__libc_init_array)
/home/jakub/programs/AC6/plugins/fr.ac6.mcu.externaltools.arm-none.linux64_1.11.0.201610101240/tools/gcc-arm-none-eabi-5_4-2016q2/bin/../lib/gcc/arm-none-eabi/5.4.1/../../../../arm-none-eabi/lib/armv6-m/libc_nano.a(lib_a-memset.o)
                              /home/jakub/programs/AC6/plugins/fr.ac6.mcu.externaltools.arm-none.linux64_1.11.0.201610101240/tools/gcc-arm-none-eabi-5_4-2016q2/bin/../lib/gcc/arm-none-eabi/5.4.1/../../../../arm-none-eabi/lib/armv6-m/crt0.o (memset)
/home/jakub/programs/AC6/plugins/fr.ac6.mcu.externaltools.arm-none.linux64_1.11.0.201610101240/tools/gcc-arm-none-eabi-5_4-2016q2/bin/../lib/gcc/arm-none-eabi/5.4.1/../../../../arm-none-eabi/lib/armv6-m/libnosys.a(_exit.o)
                              /home/jakub/programs/AC6/plugins/fr.ac6.mcu.externaltools.arm-none.linux64_1.11.0.201610101240/tools/gcc-arm-none-eabi-5_4-2016q2/bin/../lib/gcc/arm-none-eabi/5.4.1/../../../../arm-none-eabi/lib/armv6-m/libc_nano.a(lib_a-exit.o) (_exit)

Allocating common symbols
Common symbol       size              file

uwTick              0x4               Drivers/STM32L0xx_HAL_Driver/Src/stm32l0xx_hal.o
ProcFlash           0x18              Drivers/STM32L0xx_HAL_Driver/Src/stm32l0xx_hal_flash.o
htim22              0x38              Src/tim.o
sConfig             0x10              Src/main.o
hspi1               0x58              Src/spi.o
htim2               0x38              Src/tim.o
TimHandle           0x38              Src/main.o

Discarded input sections

 .text          0x00000000        0x0 /home/jakub/programs/AC6/plugins/fr.ac6.mcu.externaltools.arm-none.linux64_1.11.0.201610101240/tools/gcc-arm-none-eabi-5_4-2016q2/bin/../lib/gcc/arm-none-eabi/5.4.1/armv6-m/crti.o
 .data          0x00000000        0x0 /home/jakub/programs/AC6/plugins/fr.ac6.mcu.externaltools.arm-none.linux64_1.11.0.201610101240/tools/gcc-arm-none-eabi-5_4-2016q2/bin/../lib/gcc/arm-none-eabi/5.4.1/armv6-m/crti.o
 .bss           0x00000000        0x0 /home/jakub/programs/AC6/plugins/fr.ac6.mcu.externaltools.arm-none.linux64_1.11.0.201610101240/tools/gcc-arm-none-eabi-5_4-2016q2/bin/../lib/gcc/arm-none-eabi/5.4.1/armv6-m/crti.o
 .data          0x00000000        0x4 /home/jakub/programs/AC6/plugins/fr.ac6.mcu.externaltools.arm-none.linux64_1.11.0.201610101240/tools/gcc-arm-none-eabi-5_4-2016q2/bin/../lib/gcc/arm-none-eabi/5.4.1/armv6-m/crtbegin.o
[...]
Memory Configuration

Name             Origin             Length             Attributes
RAM              0x20000000         0x00005000         xrw
FLASH            0x08000000         0x00020000         xr
*default*        0x00000000         0xffffffff

Linker script and memory map

LOAD /home/jakub/programs/AC6/plugins/fr.ac6.mcu.externaltools.arm-none.linux64_1.11.0.201610101240/tools/gcc-arm-none-eabi-5_4-2016q2/bin/../lib/gcc/arm-none-eabi/5.4.1/armv6-m/crti.o
LOAD /home/jakub/programs/AC6/plugins/fr.ac6.mcu.externaltools.arm-none.linux64_1.11.0.201610101240/tools/gcc-arm-none-eabi-5_4-2016q2/bin/../lib/gcc/arm-none-eabi/5.4.1/armv6-m/crtbegin.o
LOAD /home/jakub/programs/AC6/plugins/fr.ac6.mcu.externaltools.arm-none.linux64_1.11.0.201610101240/tools/gcc-arm-none-eabi-5_4-2016q2/bin/../lib/gcc/arm-none-eabi/5.4.1/../../../../arm-none-eabi/lib/armv6-m/crt0.o
LOAD /home/jakub/programs/AC6/plugins/fr.ac6.mcu.externaltools.arm-none.linux64_1.11.0.201610101240/tools/gcc-arm-none-eabi-5_4-2016q2/bin/../lib/gcc/arm-none-eabi/5.4.1/../../../../arm-none-eabi/lib/armv6-m/libm.a
LOAD Drivers/CMSIS/Device/ST/STM32L0xx/Source/Templates/gcc/startup_stm32l072xx.o
LOAD Drivers/CMSIS/Device/ST/STM32L0xx/Source/Templates/system_stm32l0xx.o
LOAD Drivers/STM32L0xx_HAL_Driver/Src/stm32l0xx_hal.o
LOAD Drivers/STM32L0xx_HAL_Driver/Src/stm32l0xx_hal_cortex.o
LOAD Drivers/STM32L0xx_HAL_Driver/Src/stm32l0xx_hal_dma.o
LOAD Drivers/STM32L0xx_HAL_Driver/Src/stm32l0xx_hal_flash.o
LOAD Drivers/STM32L0xx_HAL_Driver/Src/stm32l0xx_hal_flash_ex.o
LOAD Drivers/STM32L0xx_HAL_Driver/Src/stm32l0xx_hal_flash_ramfunc.o
LOAD Drivers/STM32L0xx_HAL_Driver/Src/stm32l0xx_hal_gpio.o
LOAD Drivers/STM32L0xx_HAL_Driver/Src/stm32l0xx_hal_i2c.o
LOAD Drivers/STM32L0xx_HAL_Driver/Src/stm32l0xx_hal_i2c_ex.o
LOAD Drivers/STM32L0xx_HAL_Driver/Src/stm32l0xx_hal_pwr.o
LOAD Drivers/STM32L0xx_HAL_Driver/Src/stm32l0xx_hal_pwr_ex.o
LOAD Drivers/STM32L0xx_HAL_Driver/Src/stm32l0xx_hal_rcc.o
LOAD Drivers/STM32L0xx_HAL_Driver/Src/stm32l0xx_hal_rcc_ex.o
LOAD Drivers/STM32L0xx_HAL_Driver/Src/stm32l0xx_hal_spi.o
LOAD Drivers/STM32L0xx_HAL_Driver/Src/stm32l0xx_hal_tim.o
LOAD Drivers/STM32L0xx_HAL_Driver/Src/stm32l0xx_hal_tim_ex.o
LOAD Src/gpio.o
LOAD Src/main.o
LOAD Src/spi.o
LOAD Src/stm32l0xx_hal_msp.o
LOAD Src/stm32l0xx_it.o
LOAD Src/tim.o
START GROUP
LOAD /home/jakub/programs/AC6/plugins/fr.ac6.mcu.externaltools.arm-none.linux64_1.11.0.201610101240/tools/gcc-arm-none-eabi-5_4-2016q2/bin/../lib/gcc/arm-none-eabi/5.4.1/armv6-m/libgcc.a
LOAD /home/jakub/programs/AC6/plugins/fr.ac6.mcu.externaltools.arm-none.linux64_1.11.0.201610101240/tools/gcc-arm-none-eabi-5_4-2016q2/bin/../lib/gcc/arm-none-eabi/5.4.1/../../../../arm-none-eabi/lib/armv6-m/libc_nano.a
END GROUP
START GROUP
LOAD /home/jakub/programs/AC6/plugins/fr.ac6.mcu.externaltools.arm-none.linux64_1.11.0.201610101240/tools/gcc-arm-none-eabi-5_4-2016q2/bin/../lib/gcc/arm-none-eabi/5.4.1/armv6-m/libgcc.a
LOAD /home/jakub/programs/AC6/plugins/fr.ac6.mcu.externaltools.arm-none.linux64_1.11.0.201610101240/tools/gcc-arm-none-eabi-5_4-2016q2/bin/../lib/gcc/arm-none-eabi/5.4.1/../../../../arm-none-eabi/lib/armv6-m/libc_nano.a
LOAD /home/jakub/programs/AC6/plugins/fr.ac6.mcu.externaltools.arm-none.linux64_1.11.0.201610101240/tools/gcc-arm-none-eabi-5_4-2016q2/bin/../lib/gcc/arm-none-eabi/5.4.1/../../../../arm-none-eabi/lib/armv6-m/libnosys.a
END GROUP
START GROUP
LOAD /home/jakub/programs/AC6/plugins/fr.ac6.mcu.externaltools.arm-none.linux64_1.11.0.201610101240/tools/gcc-arm-none-eabi-5_4-2016q2/bin/../lib/gcc/arm-none-eabi/5.4.1/armv6-m/libgcc.a
LOAD /home/jakub/programs/AC6/plugins/fr.ac6.mcu.externaltools.arm-none.linux64_1.11.0.201610101240/tools/gcc-arm-none-eabi-5_4-2016q2/bin/../lib/gcc/arm-none-eabi/5.4.1/../../../../arm-none-eabi/lib/armv6-m/libc_nano.a
LOAD /home/jakub/programs/AC6/plugins/fr.ac6.mcu.externaltools.arm-none.linux64_1.11.0.201610101240/tools/gcc-arm-none-eabi-5_4-2016q2/bin/../lib/gcc/arm-none-eabi/5.4.1/../../../../arm-none-eabi/lib/armv6-m/libnosys.a
END GROUP
LOAD /home/jakub/programs/AC6/plugins/fr.ac6.mcu.externaltools.arm-none.linux64_1.11.0.201610101240/tools/gcc-arm-none-eabi-5_4-2016q2/bin/../lib/gcc/arm-none-eabi/5.4.1/armv6-m/crtend.o
LOAD /home/jakub/programs/AC6/plugins/fr.ac6.mcu.externaltools.arm-none.linux64_1.11.0.201610101240/tools/gcc-arm-none-eabi-5_4-2016q2/bin/../lib/gcc/arm-none-eabi/5.4.1/armv6-m/crtn.o
                0x20005000                _estack = 0x20005000
                0x00000200                _Min_Heap_Size = 0x200
                0x00000400                _Min_Stack_Size = 0x400

.isr_vector     0x08000000       0xc0
                0x08000000                . = ALIGN (0x4)
 *(.isr_vector)
 .isr_vector    0x08000000       0xc0 Drivers/CMSIS/Device/ST/STM32L0xx/Source/Templates/gcc/startup_stm32l072xx.o
                0x08000000                g_pfnVectors
                0x080000c0                . = ALIGN (0x4)

.text           0x080000c0     0x1420
                0x080000c0                . = ALIGN (0x4)
 *(.text)
 .text          0x080000c0       0x60 /home/jakub/programs/AC6/plugins/fr.ac6.mcu.externaltools.arm-none.linux64_1.11.0.201610101240/tools/gcc-arm-none-eabi-5_4-2016q2/bin/../lib/gcc/arm-none-eabi/5.4.1/armv6-m/crtbegin.o
 .text          0x08000120       0x14 /home/jakub/programs/AC6/plugins/fr.ac6.mcu.externaltools.arm-none.linux64_1.11.0.201610101240/tools/gcc-arm-none-eabi-5_4-2016q2/bin/../lib/gcc/arm-none-eabi/5.4.1/armv6-m/libgcc.a(_thumb1_case_uqi.o)
                0x08000120                __gnu_thumb1_case_uqi
 .text          0x08000134      0x114 /home/jakub/programs/AC6/plugins/fr.ac6.mcu.externaltools.arm-none.linux64_1.11.0.201610101240/tools/gcc-arm-none-eabi-5_4-2016q2/bin/../lib/gcc/arm-none-eabi/5.4.1/armv6-m/libgcc.a(_udivsi3.o)
                0x08000134                __udivsi3
                0x08000134                __aeabi_uidiv
                0x08000240                __aeabi_uidivmod
 .text          0x08000248        0x4 /home/jakub/programs/AC6/plugins/fr.ac6.mcu.externaltools.arm-none.linux64_1.11.0.201610101240/tools/gcc-arm-none-eabi-5_4-2016q2/bin/../lib/gcc/arm-none-eabi/5.4.1/armv6-m/libgcc.a(_dvmd_tls.o)
                0x08000248                __aeabi_ldiv0
                0x08000248                __aeabi_idiv0
 *(.text*)
 .text.Reset_Handler
                0x0800024c       0x50 Drivers/CMSIS/Device/ST/STM32L0xx/Source/Templates/gcc/startup_stm32l072xx.o
                0x0800024c                Reset_Handler
 .text.Default_Handler
                0x0800029c        0x2 Drivers/CMSIS/Device/ST/STM32L0xx/Source/Templates/gcc/startup_stm32l072xx.o
                0x0800029c                TSC_IRQHandler
                0x0800029c                ADC1_COMP_IRQHandler
                0x0800029c                PVD_IRQHandler
                0x0800029c                I2C1_IRQHandler
                0x0800029c                RCC_CRS_IRQHandler
                0x0800029c                SPI1_IRQHandler
                0x0800029c                TIM6_DAC_IRQHandler
                0x0800029c                EXTI2_3_IRQHandler
                0x0800029c                I2C2_IRQHandler
                0x0800029c                RTC_IRQHandler
                0x0800029c                DMA1_Channel4_5_6_7_IRQHandler
                0x0800029c                TIM3_IRQHandler
                0x0800029c                EXTI4_15_IRQHandler
                0x0800029c                DMA1_Channel1_IRQHandler
                0x0800029c                USART4_5_IRQHandler
                0x0800029c                Default_Handler
                0x0800029c                TIM22_IRQHandler
                0x0800029c                TIM7_IRQHandler
                0x0800029c                EXTI0_1_IRQHandler
                0x0800029c                USB_IRQHandler
                0x0800029c                I2C3_IRQHandler
                0x0800029c                SPI2_IRQHandler
                0x0800029c                TIM21_IRQHandler
                0x0800029c                WWDG_IRQHandler
                0x0800029c                TIM2_IRQHandler
                0x0800029c                DMA1_Channel2_3_IRQHandler
                0x0800029c                USART2_IRQHandler
                0x0800029c                FLASH_IRQHandler
                0x0800029c                USART1_IRQHandler
                0x0800029c                RNG_LPUART1_IRQHandler
                0x0800029c                LPTIM1_IRQHandler
 *fill*         0x0800029e        0x2 
 .text.SystemInit
                0x080002a0       0x5c Drivers/CMSIS/Device/ST/STM32L0xx/Source/Templates/system_stm32l0xx.o
                0x080002a0                SystemInit
 .text.HAL_InitTick
                0x080002fc       0x28 Drivers/STM32L0xx_HAL_Driver/Src/stm32l0xx_hal.o
                0x080002fc                HAL_InitTick
 .text.HAL_Init
                0x08000324       0x20 Drivers/STM32L0xx_HAL_Driver/Src/stm32l0xx_hal.o
                0x08000324                HAL_Init
 .text.HAL_IncTick
                0x08000344       0x10 Drivers/STM32L0xx_HAL_Driver/Src/stm32l0xx_hal.o
                0x08000344                HAL_IncTick
 .text.HAL_GetTick
                0x08000354        0xc Drivers/STM32L0xx_HAL_Driver/Src/stm32l0xx_hal.o
                0x08000354                HAL_GetTick
 .text.HAL_Delay
                0x08000360       0x18 Drivers/STM32L0xx_HAL_Driver/Src/stm32l0xx_hal.o
                0x08000360                HAL_Delay
 .text.HAL_NVIC_SetPriority
                0x08000378       0x60 Drivers/STM32L0xx_HAL_Driver/Src/stm32l0xx_hal_cortex.o
                0x08000378                HAL_NVIC_SetPriority
 .text.HAL_SYSTICK_Config
                0x080003d8       0x34 Drivers/STM32L0xx_HAL_Driver/Src/stm32l0xx_hal_cortex.o
                0x080003d8                HAL_SYSTICK_Config
 .text.HAL_SYSTICK_CLKSourceConfig
                0x0800040c       0x1c Drivers/STM32L0xx_HAL_Driver/Src/stm32l0xx_hal_cortex.o
                0x0800040c                HAL_SYSTICK_CLKSourceConfig
 .text.HAL_SYSTICK_Callback
                0x08000428        0x2 Drivers/STM32L0xx_HAL_Driver/Src/stm32l0xx_hal_cortex.o
                0x08000428                HAL_SYSTICK_Callback
 .text.HAL_SYSTICK_IRQHandler
                0x0800042a        0x8 Drivers/STM32L0xx_HAL_Driver/Src/stm32l0xx_hal_cortex.o
                0x0800042a                HAL_SYSTICK_IRQHandler
 *fill*         0x08000432        0x2 
 .text.HAL_GPIO_Init
                0x08000434      0x178 Drivers/STM32L0xx_HAL_Driver/Src/stm32l0xx_hal_gpio.o
                0x08000434                HAL_GPIO_Init
 .text.HAL_GPIO_ReadPin
                0x080005ac        0xc Drivers/STM32L0xx_HAL_Driver/Src/stm32l0xx_hal_gpio.o
                0x080005ac                HAL_GPIO_ReadPin
 .text.HAL_GPIO_WritePin
                0x080005b8        0xc Drivers/STM32L0xx_HAL_Driver/Src/stm32l0xx_hal_gpio.o
                0x080005b8                HAL_GPIO_WritePin
 .text.HAL_GPIO_TogglePin
                0x080005c4        0x8 Drivers/STM32L0xx_HAL_Driver/Src/stm32l0xx_hal_gpio.o
                0x080005c4                HAL_GPIO_TogglePin
 .text.HAL_RCC_GetSysClockFreq
                0x080005cc       0x84 Drivers/STM32L0xx_HAL_Driver/Src/stm32l0xx_hal_rcc.o
                0x080005cc                HAL_RCC_GetSysClockFreq
 .text.HAL_RCC_OscConfig
                0x08000650      0x4cc Drivers/STM32L0xx_HAL_Driver/Src/stm32l0xx_hal_rcc.o
                0x08000650                HAL_RCC_OscConfig
 .text.HAL_RCC_ClockConfig
                0x08000b1c      0x16c Drivers/STM32L0xx_HAL_Driver/Src/stm32l0xx_hal_rcc.o
                0x08000b1c                HAL_RCC_ClockConfig
 .text.HAL_RCC_GetHCLKFreq
                0x08000c88        0xc Drivers/STM32L0xx_HAL_Driver/Src/stm32l0xx_hal_rcc.o
                0x08000c88                HAL_RCC_GetHCLKFreq
 .text.HAL_SPI_Init
                0x08000c94       0x80 Drivers/STM32L0xx_HAL_Driver/Src/stm32l0xx_hal_spi.o
                0x08000c94                HAL_SPI_Init
 .text.TIM_Base_SetConfig
                0x08000d14       0x68 Drivers/STM32L0xx_HAL_Driver/Src/stm32l0xx_hal_tim.o
 .text.TIM_OC1_SetConfig
                0x08000d7c       0x2c Drivers/STM32L0xx_HAL_Driver/Src/stm32l0xx_hal_tim.o
 .text.TIM_OC2_SetConfig
                0x08000da8       0x34 Drivers/STM32L0xx_HAL_Driver/Src/stm32l0xx_hal_tim.o
 .text.TIM_CCxChannelCmd
                0x08000ddc       0x16 Drivers/STM32L0xx_HAL_Driver/Src/stm32l0xx_hal_tim.o
 .text.HAL_TIM_PWM_Init
                0x08000df2       0x36 Drivers/STM32L0xx_HAL_Driver/Src/stm32l0xx_hal_tim.o
                0x08000df2                HAL_TIM_PWM_Init
 .text.HAL_TIM_IC_Start
                0x08000e28       0x1a Drivers/STM32L0xx_HAL_Driver/Src/stm32l0xx_hal_tim.o
                0x08000e28                HAL_TIM_IC_Start
 .text.HAL_TIM_PWM_Start
                0x08000e42        0x8 Drivers/STM32L0xx_HAL_Driver/Src/stm32l0xx_hal_tim.o
                0x08000e42                HAL_TIM_PWM_Start
 *fill*         0x08000e4a        0x2 
 .text.HAL_TIM_Encoder_Init
                0x08000e4c       0x90 Drivers/STM32L0xx_HAL_Driver/Src/stm32l0xx_hal_tim.o
                0x08000e4c                HAL_TIM_Encoder_Init
 .text.HAL_TIM_PWM_ConfigChannel
                0x08000edc      0x130 Drivers/STM32L0xx_HAL_Driver/Src/stm32l0xx_hal_tim.o
                0x08000edc                HAL_TIM_PWM_ConfigChannel
 .text.HAL_TIMEx_MasterConfigSynchronization
                0x0800100c       0x42 Drivers/STM32L0xx_HAL_Driver/Src/stm32l0xx_hal_tim_ex.o
                0x0800100c                HAL_TIMEx_MasterConfigSynchronization
 *fill*         0x0800104e        0x2 
 .text.MX_GPIO_Init
                0x08001050       0xd4 Src/gpio.o
                0x08001050                MX_GPIO_Init
 .text.blik     0x08001124       0x14 Src/main.o
                0x08001124                blik
 .text.SystemClock_Config
                0x08001138       0x88 Src/main.o
                0x08001138                SystemClock_Config
 .text.startup.main
                0x080011c0       0xa0 Src/main.o
                0x080011c0                main
 .text.Error_Handler
                0x08001260        0x2 Src/main.o
                0x08001260                Error_Handler
 *fill*         0x08001262        0x2 
 .text.MX_SPI1_Init
                0x08001264       0x40 Src/spi.o
                0x08001264                MX_SPI1_Init
 .text.HAL_SPI_MspInit
                0x080012a4       0x40 Src/spi.o
                0x080012a4                HAL_SPI_MspInit
 .text.HAL_MspInit
                0x080012e4       0x40 Src/stm32l0xx_hal_msp.o
                0x080012e4                HAL_MspInit
 .text.NMI_Handler
                0x08001324        0x2 Src/stm32l0xx_it.o
                0x08001324                NMI_Handler
 .text.HardFault_Handler
                0x08001326        0x2 Src/stm32l0xx_it.o
                0x08001326                HardFault_Handler
 .text.SVC_Handler
                0x08001328        0x2 Src/stm32l0xx_it.o
                0x08001328                SVC_Handler
 .text.PendSV_Handler
                0x0800132a        0x2 Src/stm32l0xx_it.o
                0x0800132a                PendSV_Handler
 .text.SysTick_Handler
                0x0800132c        0xc Src/stm32l0xx_it.o
                0x0800132c                SysTick_Handler
 .text.MX_TIM22_Init
                0x08001338       0x58 Src/tim.o
                0x08001338                MX_TIM22_Init
 .text.HAL_TIM_PWM_MspInit
                0x08001390       0x1c Src/tim.o
                0x08001390                HAL_TIM_PWM_MspInit
 .text.HAL_TIM_Encoder_MspInit
                0x080013ac       0x3c Src/tim.o
                0x080013ac                HAL_TIM_Encoder_MspInit
 .text.HAL_TIM_MspPostInit
                0x080013e8       0x2e Src/tim.o
                0x080013e8                HAL_TIM_MspPostInit
 *fill*         0x08001416        0x2 
 .text.MX_TIM2_Init
                0x08001418       0x64 Src/tim.o
                0x08001418                MX_TIM2_Init
 .text.__libc_init_array
                0x0800147c       0x4c /home/jakub/programs/AC6/plugins/fr.ac6.mcu.externaltools.arm-none.linux64_1.11.0.201610101240/tools/gcc-arm-none-eabi-5_4-2016q2/bin/../lib/gcc/arm-none-eabi/5.4.1/../../../../arm-none-eabi/lib/armv6-m/libc_nano.a(lib_a-init.o)
                0x0800147c                __libc_init_array
 *(.glue_7)
 .glue_7        0x080014c8        0x0 linker stubs
 *(.glue_7t)
 .glue_7t       0x080014c8        0x0 linker stubs
 *(.eh_frame)
 .eh_frame      0x080014c8        0x0 /home/jakub/programs/AC6/plugins/fr.ac6.mcu.externaltools.arm-none.linux64_1.11.0.201610101240/tools/gcc-arm-none-eabi-5_4-2016q2/bin/../lib/gcc/arm-none-eabi/5.4.1/armv6-m/crtbegin.o
 *(.init)
 .init          0x080014c8        0x4 /home/jakub/programs/AC6/plugins/fr.ac6.mcu.externaltools.arm-none.linux64_1.11.0.201610101240/tools/gcc-arm-none-eabi-5_4-2016q2/bin/../lib/gcc/arm-none-eabi/5.4.1/armv6-m/crti.o
                0x080014c8                _init
 .init          0x080014cc        0x8 /home/jakub/programs/AC6/plugins/fr.ac6.mcu.externaltools.arm-none.linux64_1.11.0.201610101240/tools/gcc-arm-none-eabi-5_4-2016q2/bin/../lib/gcc/arm-none-eabi/5.4.1/armv6-m/crtn.o
 *(.fini)
 .fini          0x080014d4        0x4 /home/jakub/programs/AC6/plugins/fr.ac6.mcu.externaltools.arm-none.linux64_1.11.0.201610101240/tools/gcc-arm-none-eabi-5_4-2016q2/bin/../lib/gcc/arm-none-eabi/5.4.1/armv6-m/crti.o
                0x080014d4                _fini
 .fini          0x080014d8        0x8 /home/jakub/programs/AC6/plugins/fr.ac6.mcu.externaltools.arm-none.linux64_1.11.0.201610101240/tools/gcc-arm-none-eabi-5_4-2016q2/bin/../lib/gcc/arm-none-eabi/5.4.1/armv6-m/crtn.o
                0x080014e0                . = ALIGN (0x4)
                0x080014e0                _etext = .

.vfp11_veneer   0x080014e0        0x0
 .vfp11_veneer  0x080014e0        0x0 linker stubs

.v4_bx          0x080014e0        0x0
 .v4_bx         0x080014e0        0x0 linker stubs

.iplt           0x080014e0        0x0
 .iplt          0x080014e0        0x0 /home/jakub/programs/AC6/plugins/fr.ac6.mcu.externaltools.arm-none.linux64_1.11.0.201610101240/tools/gcc-arm-none-eabi-5_4-2016q2/bin/../lib/gcc/arm-none-eabi/5.4.1/armv6-m/crtbegin.o

.rodata         0x080014e0       0x24
                0x080014e0                . = ALIGN (0x4)
 *(.rodata)
 .rodata        0x080014e0       0x21 Drivers/CMSIS/Device/ST/STM32L0xx/Source/Templates/system_stm32l0xx.o
                0x080014e0                PLLMulTable
                0x080014e9                AHBPrescTable
                0x080014f9                APBPrescTable
 *(.rodata*)
                0x08001504                . = ALIGN (0x4)
 *fill*         0x08001501        0x3 

.rel.dyn        0x08001504        0x0
 .rel.iplt      0x08001504        0x0 /home/jakub/programs/AC6/plugins/fr.ac6.mcu.externaltools.arm-none.linux64_1.11.0.201610101240/tools/gcc-arm-none-eabi-5_4-2016q2/bin/../lib/gcc/arm-none-eabi/5.4.1/armv6-m/crtbegin.o

.ARM.extab
 *(.ARM.extab* .gnu.linkonce.armextab.*)

.ARM            0x08001504        0x0
                0x08001504                __exidx_start = .
 *(.ARM.exidx*)
                0x08001504                __exidx_end = .

.preinit_array  0x08001504        0x0
                0x08001504                PROVIDE (__preinit_array_start, .)
 *(.preinit_array*)
                0x08001504                PROVIDE (__preinit_array_end, .)

.init_array     0x08001504        0x4
                0x08001504                PROVIDE (__init_array_start, .)
 *(SORT(.init_array.*))
 *(.init_array*)
 .init_array    0x08001504        0x4 /home/jakub/programs/AC6/plugins/fr.ac6.mcu.externaltools.arm-none.linux64_1.11.0.201610101240/tools/gcc-arm-none-eabi-5_4-2016q2/bin/../lib/gcc/arm-none-eabi/5.4.1/armv6-m/crtbegin.o
                0x08001508                PROVIDE (__init_array_end, .)

.fini_array     0x08001508        0x4
                [!provide]                PROVIDE (__fini_array_start, .)
 *(SORT(.fini_array.*))
 *(.fini_array*)
 .fini_array    0x08001508        0x4 /home/jakub/programs/AC6/plugins/fr.ac6.mcu.externaltools.arm-none.linux64_1.11.0.201610101240/tools/gcc-arm-none-eabi-5_4-2016q2/bin/../lib/gcc/arm-none-eabi/5.4.1/armv6-m/crtbegin.o
                [!provide]                PROVIDE (__fini_array_end, .)
                0x0800150c                _sidata = LOADADDR (.data)

.data           0x20000000        0x4 load address 0x0800150c
                0x20000000                . = ALIGN (0x4)
                0x20000000                _sdata = .
 *(.data)
 .data          0x20000000        0x4 Drivers/CMSIS/Device/ST/STM32L0xx/Source/Templates/system_stm32l0xx.o
                0x20000000                SystemCoreClock
 *(.data*)
                0x20000004                . = ALIGN (0x4)
                0x20000004                _edata = .

.jcr            0x20000004        0x0 load address 0x08001510
 .jcr           0x20000004        0x0 /home/jakub/programs/AC6/plugins/fr.ac6.mcu.externaltools.arm-none.linux64_1.11.0.201610101240/tools/gcc-arm-none-eabi-5_4-2016q2/bin/../lib/gcc/arm-none-eabi/5.4.1/armv6-m/crtbegin.o

.igot.plt       0x20000004        0x0 load address 0x08001510
 .igot.plt      0x20000004        0x0 /home/jakub/programs/AC6/plugins/fr.ac6.mcu.externaltools.arm-none.linux64_1.11.0.201610101240/tools/gcc-arm-none-eabi-5_4-2016q2/bin/../lib/gcc/arm-none-eabi/5.4.1/armv6-m/crtbegin.o
                0x20000004                . = ALIGN (0x4)

.bss            0x20000004      0x134 load address 0x08001510
                0x20000004                _sbss = .
                0x20000004                __bss_start__ = _sbss
 *(.bss)
 .bss           0x20000004       0x1c /home/jakub/programs/AC6/plugins/fr.ac6.mcu.externaltools.arm-none.linux64_1.11.0.201610101240/tools/gcc-arm-none-eabi-5_4-2016q2/bin/../lib/gcc/arm-none-eabi/5.4.1/armv6-m/crtbegin.o
 .bss           0x20000020        0x4 Src/main.o
                0x20000020                uhPrescalerValue
 *(.bss*)
 *(COMMON)
 COMMON         0x20000024        0x4 Drivers/STM32L0xx_HAL_Driver/Src/stm32l0xx_hal.o
                0x20000024                uwTick
 COMMON         0x20000028       0x48 Src/main.o
                0x20000028                sConfig
                0x20000038                TimHandle
 COMMON         0x20000070       0x58 Src/spi.o
                0x20000070                hspi1
 COMMON         0x200000c8       0x70 Src/tim.o
                0x200000c8                htim22
                0x20000100                htim2
                0x20000138                . = ALIGN (0x4)
                0x20000138                _ebss = .
                0x20000138                __bss_end__ = _ebss

._user_heap_stack
                0x20000138      0x600 load address 0x08001510
                0x20000138                . = ALIGN (0x8)
                [!provide]                PROVIDE (end, .)
                [!provide]                PROVIDE (_end, .)
                0x20000338                . = (. + _Min_Heap_Size)
 *fill*         0x20000138      0x200 
                0x20000738                . = (. + _Min_Stack_Size)
 *fill*         0x20000338      0x400 
                0x20000738                . = ALIGN (0x8)

/DISCARD/
 libc.a(*)
 libm.a(*)
 libgcc.a(*)

.ARM.attributes
                0x00000000       0x28
 *(.ARM.attributes)
 .ARM.attributes
                0x00000000       0x1e /home/jakub/programs/AC6/plugins/fr.ac6.mcu.externaltools.arm-none.linux64_1.11.0.201610101240/tools/gcc-arm-none-eabi-5_4-2016q2/bin/../lib/gcc/arm-none-eabi/5.4.1/armv6-m/crti.o
 .ARM.attributes
                0x0000001e       0x2c /home/jakub/programs/AC6/plugins/fr.ac6.mcu.externaltools.arm-none.linux64_1.11.0.201610101240/tools/gcc-arm-none-eabi-5_4-2016q2/bin/../lib/gcc/arm-none-eabi/5.4.1/armv6-m/crtbegin.o
 .ARM.attributes
                0x0000004a       0x22 Drivers/CMSIS/Device/ST/STM32L0xx/Source/Templates/gcc/startup_stm32l072xx.o
 .ARM.attributes
                0x0000006c       0x32 Drivers/CMSIS/Device/ST/STM32L0xx/Source/Templates/system_stm32l0xx.o
 .ARM.attributes
                0x0000009e       0x32 Drivers/STM32L0xx_HAL_Driver/Src/stm32l0xx_hal.o
 .ARM.attributes
                0x000000d0       0x32 Drivers/STM32L0xx_HAL_Driver/Src/stm32l0xx_hal_cortex.o
 .ARM.attributes
                0x00000102       0x32 Drivers/STM32L0xx_HAL_Driver/Src/stm32l0xx_hal_gpio.o
 .ARM.attributes
                0x00000134       0x32 Drivers/STM32L0xx_HAL_Driver/Src/stm32l0xx_hal_rcc.o
 .ARM.attributes
                0x00000166       0x32 Drivers/STM32L0xx_HAL_Driver/Src/stm32l0xx_hal_spi.o
 .ARM.attributes
                0x00000198       0x32 Drivers/STM32L0xx_HAL_Driver/Src/stm32l0xx_hal_tim.o
 .ARM.attributes
                0x000001ca       0x32 Drivers/STM32L0xx_HAL_Driver/Src/stm32l0xx_hal_tim_ex.o
 .ARM.attributes
                0x000001fc       0x32 Src/gpio.o
 .ARM.attributes
                0x0000022e       0x32 Src/main.o
 .ARM.attributes
                0x00000260       0x32 Src/spi.o
 .ARM.attributes
                0x00000292       0x32 Src/stm32l0xx_hal_msp.o
 .ARM.attributes
                0x000002c4       0x32 Src/stm32l0xx_it.o
 .ARM.attributes
                0x000002f6       0x32 Src/tim.o
 .ARM.attributes
                0x00000328       0x1e /home/jakub/programs/AC6/plugins/fr.ac6.mcu.externaltools.arm-none.linux64_1.11.0.201610101240/tools/gcc-arm-none-eabi-5_4-2016q2/bin/../lib/gcc/arm-none-eabi/5.4.1/armv6-m/libgcc.a(_thumb1_case_uqi.o)
 .ARM.attributes
                0x00000346       0x1e /home/jakub/programs/AC6/plugins/fr.ac6.mcu.externaltools.arm-none.linux64_1.11.0.201610101240/tools/gcc-arm-none-eabi-5_4-2016q2/bin/../lib/gcc/arm-none-eabi/5.4.1/armv6-m/libgcc.a(_udivsi3.o)
 .ARM.attributes
                0x00000364       0x1e /home/jakub/programs/AC6/plugins/fr.ac6.mcu.externaltools.arm-none.linux64_1.11.0.201610101240/tools/gcc-arm-none-eabi-5_4-2016q2/bin/../lib/gcc/arm-none-eabi/5.4.1/armv6-m/libgcc.a(_dvmd_tls.o)
 .ARM.attributes
                0x00000382       0x2c /home/jakub/programs/AC6/plugins/fr.ac6.mcu.externaltools.arm-none.linux64_1.11.0.201610101240/tools/gcc-arm-none-eabi-5_4-2016q2/bin/../lib/gcc/arm-none-eabi/5.4.1/../../../../arm-none-eabi/lib/armv6-m/libc_nano.a(lib_a-init.o)
 .ARM.attributes
                0x000003ae       0x1e /home/jakub/programs/AC6/plugins/fr.ac6.mcu.externaltools.arm-none.linux64_1.11.0.201610101240/tools/gcc-arm-none-eabi-5_4-2016q2/bin/../lib/gcc/arm-none-eabi/5.4.1/armv6-m/crtn.o
OUTPUT(TestCube040.elf elf32-littlearm)

.debug_line     0x00000000     0x9521
 .debug_line    0x00000000       0xb2 Drivers/CMSIS/Device/ST/STM32L0xx/Source/Templates/gcc/startup_stm32l072xx.o
 .debug_line    0x000000b2      0x887 Drivers/CMSIS/Device/ST/STM32L0xx/Source/Templates/system_stm32l0xx.o
 .debug_line    0x00000939      0xa20 Drivers/STM32L0xx_HAL_Driver/Src/stm32l0xx_hal.o
 .debug_line    0x00001359      0x9dd Drivers/STM32L0xx_HAL_Driver/Src/stm32l0xx_hal_cortex.o
 .debug_line    0x00001d36      0x9db Drivers/STM32L0xx_HAL_Driver/Src/stm32l0xx_hal_gpio.o
 .debug_line    0x00002711      0xb5e Drivers/STM32L0xx_HAL_Driver/Src/stm32l0xx_hal_rcc.o
 .debug_line    0x0000326f     0x110e Drivers/STM32L0xx_HAL_Driver/Src/stm32l0xx_hal_spi.o
 .debug_line    0x0000437d     0x1610 Drivers/STM32L0xx_HAL_Driver/Src/stm32l0xx_hal_tim.o
 .debug_line    0x0000598d      0x8ae Drivers/STM32L0xx_HAL_Driver/Src/stm32l0xx_hal_tim_ex.o
 .debug_line    0x0000623b      0x860 Src/gpio.o
 .debug_line    0x00006a9b      0x8a0 Src/main.o
 .debug_line    0x0000733b      0x879 Src/spi.o
 .debug_line    0x00007bb4      0x82a Src/stm32l0xx_hal_msp.o
 .debug_line    0x000083de      0x851 Src/stm32l0xx_it.o
 .debug_line    0x00008c2f      0x8f2 Src/tim.o

.debug_info     0x00000000     0x936b
 .debug_info    0x00000000       0xa9 Drivers/CMSIS/Device/ST/STM32L0xx/Source/Templates/gcc/startup_stm32l072xx.o
 .debug_info    0x000000a9      0x37b Drivers/CMSIS/Device/ST/STM32L0xx/Source/Templates/system_stm32l0xx.o
 .debug_info    0x00000424      0x77b Drivers/STM32L0xx_HAL_Driver/Src/stm32l0xx_hal.o
 .debug_info    0x00000b9f      0x8e9 Drivers/STM32L0xx_HAL_Driver/Src/stm32l0xx_hal_cortex.o
 .debug_info    0x00001488      0x64d Drivers/STM32L0xx_HAL_Driver/Src/stm32l0xx_hal_gpio.o
 .debug_info    0x00001ad5      0xb32 Drivers/STM32L0xx_HAL_Driver/Src/stm32l0xx_hal_rcc.o
 .debug_info    0x00002607     0x1422 Drivers/STM32L0xx_HAL_Driver/Src/stm32l0xx_hal_spi.o
 .debug_info    0x00003a29     0x2cd6 Drivers/STM32L0xx_HAL_Driver/Src/stm32l0xx_hal_tim.o
 .debug_info    0x000066ff      0x594 Drivers/STM32L0xx_HAL_Driver/Src/stm32l0xx_hal_tim_ex.o
 .debug_info    0x00006c93      0x463 Src/gpio.o
 .debug_info    0x000070f6      0xb21 Src/main.o
 .debug_info    0x00007c17      0x836 Src/spi.o
 .debug_info    0x0000844d      0x31d Src/stm32l0xx_hal_msp.o
 .debug_info    0x0000876a       0xed Src/stm32l0xx_it.o
 .debug_info    0x00008857      0xb14 Src/tim.o

.debug_abbrev   0x00000000     0x19c0
 .debug_abbrev  0x00000000       0x12 Drivers/CMSIS/Device/ST/STM32L0xx/Source/Templates/gcc/startup_stm32l072xx.o
 .debug_abbrev  0x00000012       0xf3 Drivers/CMSIS/Device/ST/STM32L0xx/Source/Templates/system_stm32l0xx.o
 .debug_abbrev  0x00000105      0x21b Drivers/STM32L0xx_HAL_Driver/Src/stm32l0xx_hal.o
 .debug_abbrev  0x00000320      0x292 Drivers/STM32L0xx_HAL_Driver/Src/stm32l0xx_hal_cortex.o
 .debug_abbrev  0x000005b2      0x1bc Drivers/STM32L0xx_HAL_Driver/Src/stm32l0xx_hal_gpio.o
 .debug_abbrev  0x0000076e      0x292 Drivers/STM32L0xx_HAL_Driver/Src/stm32l0xx_hal_rcc.o
 .debug_abbrev  0x00000a00      0x2c8 Drivers/STM32L0xx_HAL_Driver/Src/stm32l0xx_hal_spi.o
 .debug_abbrev  0x00000cc8      0x304 Drivers/STM32L0xx_HAL_Driver/Src/stm32l0xx_hal_tim.o
 .debug_abbrev  0x00000fcc      0x17e Drivers/STM32L0xx_HAL_Driver/Src/stm32l0xx_hal_tim_ex.o
 .debug_abbrev  0x0000114a      0x135 Src/gpio.o
 .debug_abbrev  0x0000127f      0x20c Src/main.o
 .debug_abbrev  0x0000148b      0x197 Src/spi.o
 .debug_abbrev  0x00001622       0xe9 Src/stm32l0xx_hal_msp.o
 .debug_abbrev  0x0000170b       0x9f Src/stm32l0xx_it.o
 .debug_abbrev  0x000017aa      0x216 Src/tim.o

.debug_aranges  0x00000000      0x6f0
 .debug_aranges
                0x00000000       0x28 Drivers/CMSIS/Device/ST/STM32L0xx/Source/Templates/gcc/startup_stm32l072xx.o
 .debug_aranges
                0x00000028       0x28 Drivers/CMSIS/Device/ST/STM32L0xx/Source/Templates/system_stm32l0xx.o
 .debug_aranges
                0x00000050       0xd8 Drivers/STM32L0xx_HAL_Driver/Src/stm32l0xx_hal.o
 .debug_aranges
                0x00000128       0x80 Drivers/STM32L0xx_HAL_Driver/Src/stm32l0xx_hal_cortex.o
 .debug_aranges
                0x000001a8       0x58 Drivers/STM32L0xx_HAL_Driver/Src/stm32l0xx_hal_gpio.o
 .debug_aranges
                0x00000200       0x80 Drivers/STM32L0xx_HAL_Driver/Src/stm32l0xx_hal_rcc.o
 .debug_aranges
                0x00000280      0x108 Drivers/STM32L0xx_HAL_Driver/Src/stm32l0xx_hal_spi.o
 .debug_aranges
                0x00000388      0x218 Drivers/STM32L0xx_HAL_Driver/Src/stm32l0xx_hal_tim.o
 .debug_aranges
                0x000005a0       0x28 Drivers/STM32L0xx_HAL_Driver/Src/stm32l0xx_hal_tim_ex.o
 .debug_aranges
                0x000005c8       0x20 Src/gpio.o
 .debug_aranges
                0x000005e8       0x38 Src/main.o
 .debug_aranges
                0x00000620       0x30 Src/spi.o
 .debug_aranges
                0x00000650       0x20 Src/stm32l0xx_hal_msp.o
 .debug_aranges
                0x00000670       0x30 Src/stm32l0xx_it.o
 .debug_aranges
                0x000006a0       0x50 Src/tim.o

.debug_ranges   0x00000000      0xac0
 .debug_ranges  0x00000000       0x20 Drivers/CMSIS/Device/ST/STM32L0xx/Source/Templates/gcc/startup_stm32l072xx.o
 .debug_ranges  0x00000020       0x18 Drivers/CMSIS/Device/ST/STM32L0xx/Source/Templates/system_stm32l0xx.o
 .debug_ranges  0x00000038       0xc8 Drivers/STM32L0xx_HAL_Driver/Src/stm32l0xx_hal.o
 .debug_ranges  0x00000100       0xf0 Drivers/STM32L0xx_HAL_Driver/Src/stm32l0xx_hal_cortex.o
 .debug_ranges  0x000001f0       0x48 Drivers/STM32L0xx_HAL_Driver/Src/stm32l0xx_hal_gpio.o
 .debug_ranges  0x00000238       0xd8 Drivers/STM32L0xx_HAL_Driver/Src/stm32l0xx_hal_rcc.o
 .debug_ranges  0x00000310       0xf8 Drivers/STM32L0xx_HAL_Driver/Src/stm32l0xx_hal_spi.o
 .debug_ranges  0x00000408      0x540 Drivers/STM32L0xx_HAL_Driver/Src/stm32l0xx_hal_tim.o
 .debug_ranges  0x00000948       0x18 Drivers/STM32L0xx_HAL_Driver/Src/stm32l0xx_hal_tim_ex.o
 .debug_ranges  0x00000960       0xa8 Src/gpio.o
 .debug_ranges  0x00000a08       0x28 Src/main.o
 .debug_ranges  0x00000a30       0x20 Src/spi.o
 .debug_ranges  0x00000a50       0x10 Src/stm32l0xx_hal_msp.o
 .debug_ranges  0x00000a60       0x20 Src/stm32l0xx_it.o
 .debug_ranges  0x00000a80       0x40 Src/tim.o

.debug_loc      0x00000000     0x547f
 .debug_loc     0x00000000      0x123 Drivers/CMSIS/Device/ST/STM32L0xx/Source/Templates/system_stm32l0xx.o
 .debug_loc     0x00000123       0xac Drivers/STM32L0xx_HAL_Driver/Src/stm32l0xx_hal.o
 .debug_loc     0x000001cf      0x3da Drivers/STM32L0xx_HAL_Driver/Src/stm32l0xx_hal_cortex.o
 .debug_loc     0x000005a9      0x2cc Drivers/STM32L0xx_HAL_Driver/Src/stm32l0xx_hal_gpio.o
 .debug_loc     0x00000875      0x4eb Drivers/STM32L0xx_HAL_Driver/Src/stm32l0xx_hal_rcc.o
 .debug_loc     0x00000d60      0xec6 Drivers/STM32L0xx_HAL_Driver/Src/stm32l0xx_hal_spi.o
 .debug_loc     0x00001c26     0x3715 Drivers/STM32L0xx_HAL_Driver/Src/stm32l0xx_hal_tim.o
 .debug_loc     0x0000533b       0x7e Drivers/STM32L0xx_HAL_Driver/Src/stm32l0xx_hal_tim_ex.o
 .debug_loc     0x000053b9       0x42 Src/spi.o
 .debug_loc     0x000053fb       0x84 Src/tim.o

.debug_macro    0x00000000    0x14cf5
 .debug_macro   0x00000000      0x2fe Drivers/CMSIS/Device/ST/STM32L0xx/Source/Templates/system_stm32l0xx.o
 .debug_macro   0x000002fe      0x838 Drivers/CMSIS/Device/ST/STM32L0xx/Source/Templates/system_stm32l0xx.o
 .debug_macro   0x00000b36       0x2e Drivers/CMSIS/Device/ST/STM32L0xx/Source/Templates/system_stm32l0xx.o
 .debug_macro   0x00000b64       0x28 Drivers/CMSIS/Device/ST/STM32L0xx/Source/Templates/system_stm32l0xx.o
 .debug_macro   0x00000b8c       0x22 Drivers/CMSIS/Device/ST/STM32L0xx/Source/Templates/system_stm32l0xx.o
 .debug_macro   0x00000bae       0x87 Drivers/CMSIS/Device/ST/STM32L0xx/Source/Templates/system_stm32l0xx.o
 .debug_macro   0x00000c35       0x44 Drivers/CMSIS/Device/ST/STM32L0xx/Source/Templates/system_stm32l0xx.o
 .debug_macro   0x00000c79       0xfd Drivers/CMSIS/Device/ST/STM32L0xx/Source/Templates/system_stm32l0xx.o
 .debug_macro   0x00000d76       0x5e Drivers/CMSIS/Device/ST/STM32L0xx/Source/Templates/system_stm32l0xx.o
 .debug_macro   0x00000dd4      0x1df Drivers/CMSIS/Device/ST/STM32L0xx/Source/Templates/system_stm32l0xx.o
 .debug_macro   0x00000fb3       0x34 Drivers/CMSIS/Device/ST/STM32L0xx/Source/Templates/system_stm32l0xx.o
 .debug_macro   0x00000fe7       0x26 Drivers/CMSIS/Device/ST/STM32L0xx/Source/Templates/system_stm32l0xx.o
 .debug_macro   0x0000100d      0x44f Drivers/CMSIS/Device/ST/STM32L0xx/Source/Templates/system_stm32l0xx.o
 .debug_macro   0x0000145c     0xa0b7 Drivers/CMSIS/Device/ST/STM32L0xx/Source/Templates/system_stm32l0xx.o
 .debug_macro   0x0000b513       0x3c Drivers/CMSIS/Device/ST/STM32L0xx/Source/Templates/system_stm32l0xx.o
 .debug_macro   0x0000b54f       0xa6 Drivers/CMSIS/Device/ST/STM32L0xx/Source/Templates/system_stm32l0xx.o
 .debug_macro   0x0000b5f5       0x9c Drivers/CMSIS/Device/ST/STM32L0xx/Source/Templates/system_stm32l0xx.o
 .debug_macro   0x0000b691     0x3440 Drivers/CMSIS/Device/ST/STM32L0xx/Source/Templates/system_stm32l0xx.o
 .debug_macro   0x0000ead1       0x52 Drivers/CMSIS/Device/ST/STM32L0xx/Source/Templates/system_stm32l0xx.o
 .debug_macro   0x0000eb23       0x35 Drivers/CMSIS/Device/ST/STM32L0xx/Source/Templates/system_stm32l0xx.o
 .debug_macro   0x0000eb58       0x9c Drivers/CMSIS/Device/ST/STM32L0xx/Source/Templates/system_stm32l0xx.o
 .debug_macro   0x0000ebf4       0x16 Drivers/CMSIS/Device/ST/STM32L0xx/Source/Templates/system_stm32l0xx.o
 .debug_macro   0x0000ec0a       0x97 Drivers/CMSIS/Device/ST/STM32L0xx/Source/Templates/system_stm32l0xx.o
 .debug_macro   0x0000eca1      0x30d Drivers/CMSIS/Device/ST/STM32L0xx/Source/Templates/system_stm32l0xx.o
 .debug_macro   0x0000efae       0xfd Drivers/CMSIS/Device/ST/STM32L0xx/Source/Templates/system_stm32l0xx.o
 .debug_macro   0x0000f0ab       0x10 Drivers/CMSIS/Device/ST/STM32L0xx/Source/Templates/system_stm32l0xx.o
 .debug_macro   0x0000f0bb       0x52 Drivers/CMSIS/Device/ST/STM32L0xx/Source/Templates/system_stm32l0xx.o
 .debug_macro   0x0000f10d       0x1f Drivers/CMSIS/Device/ST/STM32L0xx/Source/Templates/system_stm32l0xx.o
 .debug_macro   0x0000f12c       0x43 Drivers/CMSIS/Device/ST/STM32L0xx/Source/Templates/system_stm32l0xx.o
 .debug_macro   0x0000f16f       0x20 Drivers/CMSIS/Device/ST/STM32L0xx/Source/Templates/system_stm32l0xx.o
 .debug_macro   0x0000f18f      0x187 Drivers/CMSIS/Device/ST/STM32L0xx/Source/Templates/system_stm32l0xx.o
 .debug_macro   0x0000f316       0x10 Drivers/CMSIS/Device/ST/STM32L0xx/Source/Templates/system_stm32l0xx.o
 .debug_macro   0x0000f326       0x1c Drivers/CMSIS/Device/ST/STM32L0xx/Source/Templates/system_stm32l0xx.o
 .debug_macro   0x0000f342       0x52 Drivers/CMSIS/Device/ST/STM32L0xx/Source/Templates/system_stm32l0xx.o
 .debug_macro   0x0000f394       0x40 Drivers/CMSIS/Device/ST/STM32L0xx/Source/Templates/system_stm32l0xx.o
 .debug_macro   0x0000f3d4       0x10 Drivers/CMSIS/Device/ST/STM32L0xx/Source/Templates/system_stm32l0xx.o
 .debug_macro   0x0000f3e4       0x40 Drivers/CMSIS/Device/ST/STM32L0xx/Source/Templates/system_stm32l0xx.o
 .debug_macro   0x0000f424       0xd7 Drivers/CMSIS/Device/ST/STM32L0xx/Source/Templates/system_stm32l0xx.o
 .debug_macro   0x0000f4fb       0x16 Drivers/CMSIS/Device/ST/STM32L0xx/Source/Templates/system_stm32l0xx.o
 .debug_macro   0x0000f511      0x189 Drivers/CMSIS/Device/ST/STM32L0xx/Source/Templates/system_stm32l0xx.o
 .debug_macro   0x0000f69a       0x50 Drivers/CMSIS/Device/ST/STM32L0xx/Source/Templates/system_stm32l0xx.o
 .debug_macro   0x0000f6ea      0x7f2 Drivers/CMSIS/Device/ST/STM32L0xx/Source/Templates/system_stm32l0xx.o
 .debug_macro   0x0000fedc      0x8c3 Drivers/CMSIS/Device/ST/STM32L0xx/Source/Templates/system_stm32l0xx.o
 .debug_macro   0x0001079f      0x14d Drivers/CMSIS/Device/ST/STM32L0xx/Source/Templates/system_stm32l0xx.o
 .debug_macro   0x000108ec      0x1d1 Drivers/CMSIS/Device/ST/STM32L0xx/Source/Templates/system_stm32l0xx.o
 .debug_macro   0x00010abd      0x295 Drivers/CMSIS/Device/ST/STM32L0xx/Source/Templates/system_stm32l0xx.o
 .debug_macro   0x00010d52      0x1ef Drivers/CMSIS/Device/ST/STM32L0xx/Source/Templates/system_stm32l0xx.o
 .debug_macro   0x00010f41      0x120 Drivers/CMSIS/Device/ST/STM32L0xx/Source/Templates/system_stm32l0xx.o
 .debug_macro   0x00011061      0x4c5 Drivers/CMSIS/Device/ST/STM32L0xx/Source/Templates/system_stm32l0xx.o
 .debug_macro   0x00011526       0x12 Drivers/CMSIS/Device/ST/STM32L0xx/Source/Templates/system_stm32l0xx.o
 .debug_macro   0x00011538      0x1d0 Drivers/CMSIS/Device/ST/STM32L0xx/Source/Templates/system_stm32l0xx.o
 .debug_macro   0x00011708       0x53 Drivers/CMSIS/Device/ST/STM32L0xx/Source/Templates/system_stm32l0xx.o
 .debug_macro   0x0001175b       0x66 Drivers/CMSIS/Device/ST/STM32L0xx/Source/Templates/system_stm32l0xx.o
 .debug_macro   0x000117c1      0x18f Drivers/CMSIS/Device/ST/STM32L0xx/Source/Templates/system_stm32l0xx.o
 .debug_macro   0x00011950       0x16 Drivers/CMSIS/Device/ST/STM32L0xx/Source/Templates/system_stm32l0xx.o
 .debug_macro   0x00011966      0x202 Drivers/CMSIS/Device/ST/STM32L0xx/Source/Templates/system_stm32l0xx.o
 .debug_macro   0x00011b68      0x703 Drivers/CMSIS/Device/ST/STM32L0xx/Source/Templates/system_stm32l0xx.o
 .debug_macro   0x0001226b      0x159 Drivers/CMSIS/Device/ST/STM32L0xx/Source/Templates/system_stm32l0xx.o
 .debug_macro   0x000123c4      0x169 Drivers/CMSIS/Device/ST/STM32L0xx/Source/Templates/system_stm32l0xx.o
 .debug_macro   0x0001252d      0x31c Drivers/STM32L0xx_HAL_Driver/Src/stm32l0xx_hal.o
 .debug_macro   0x00012849      0x2f8 Drivers/STM32L0xx_HAL_Driver/Src/stm32l0xx_hal_cortex.o
 .debug_macro   0x00012b41      0x331 Drivers/STM32L0xx_HAL_Driver/Src/stm32l0xx_hal_gpio.o
 .debug_macro   0x00012e72      0x358 Drivers/STM32L0xx_HAL_Driver/Src/stm32l0xx_hal_rcc.o
 .debug_macro   0x000131ca      0x300 Drivers/STM32L0xx_HAL_Driver/Src/stm32l0xx_hal_spi.o
 .debug_macro   0x000134ca      0x2f9 Drivers/STM32L0xx_HAL_Driver/Src/stm32l0xx_hal_tim.o
 .debug_macro   0x000137c3      0x2f8 Drivers/STM32L0xx_HAL_Driver/Src/stm32l0xx_hal_tim_ex.o
 .debug_macro   0x00013abb      0x302 Src/gpio.o
 .debug_macro   0x00013dbd      0x326 Src/main.o
 .debug_macro   0x000140e3      0x30c Src/spi.o
 .debug_macro   0x000143ef      0x2f8 Src/stm32l0xx_hal_msp.o
 .debug_macro   0x000146e7      0x302 Src/stm32l0xx_it.o
 .debug_macro   0x000149e9      0x30c Src/tim.o

.debug_str      0x00000000    0x77edb
 .debug_str     0x00000000    0x75a44 Drivers/CMSIS/Device/ST/STM32L0xx/Source/Templates/system_stm32l0xx.o
                              0x75d40 (size before relaxing)
 .debug_str     0x00075a44      0x5a5 Drivers/STM32L0xx_HAL_Driver/Src/stm32l0xx_hal.o
                              0x762fe (size before relaxing)
 .debug_str     0x00075fe9      0x26d Drivers/STM32L0xx_HAL_Driver/Src/stm32l0xx_hal_cortex.o
                              0x7610c (size before relaxing)
 .debug_str     0x00076256      0x2c6 Drivers/STM32L0xx_HAL_Driver/Src/stm32l0xx_hal_gpio.o
                              0x75f7c (size before relaxing)
 .debug_str     0x0007651c      0x4e5 Drivers/STM32L0xx_HAL_Driver/Src/stm32l0xx_hal_rcc.o
                              0x762ef (size before relaxing)
 .debug_str     0x00076a01      0x63b Drivers/STM32L0xx_HAL_Driver/Src/stm32l0xx_hal_spi.o
                              0x762b7 (size before relaxing)
 .debug_str     0x0007703c      0xb4d Drivers/STM32L0xx_HAL_Driver/Src/stm32l0xx_hal_tim.o
                              0x769e4 (size before relaxing)
 .debug_str     0x00077b89       0xc7 Drivers/STM32L0xx_HAL_Driver/Src/stm32l0xx_hal_tim_ex.o
                              0x76027 (size before relaxing)
 .debug_str     0x00077c50       0x25 Src/gpio.o
                              0x75d21 (size before relaxing)
 .debug_str     0x00077c75       0xe9 Src/main.o
                              0x764c2 (size before relaxing)
 .debug_str     0x00077d5e       0x3f Src/spi.o
                              0x76107 (size before relaxing)
 .debug_str     0x00077d9d       0x27 Src/stm32l0xx_hal_msp.o
                              0x75e1c (size before relaxing)
 .debug_str     0x00077dc4       0x59 Src/stm32l0xx_it.o
                              0x75bf6 (size before relaxing)
 .debug_str     0x00077e1d       0xbe Src/tim.o
                              0x762f9 (size before relaxing)

.comment        0x00000000       0x6e
 .comment       0x00000000       0x6e Drivers/CMSIS/Device/ST/STM32L0xx/Source/Templates/system_stm32l0xx.o
                                 0x6f (size before relaxing)
 .comment       0x0000006e       0x6f Drivers/STM32L0xx_HAL_Driver/Src/stm32l0xx_hal.o
 .comment       0x0000006e       0x6f Drivers/STM32L0xx_HAL_Driver/Src/stm32l0xx_hal_cortex.o
 .comment       0x0000006e       0x6f Drivers/STM32L0xx_HAL_Driver/Src/stm32l0xx_hal_gpio.o
 .comment       0x0000006e       0x6f Drivers/STM32L0xx_HAL_Driver/Src/stm32l0xx_hal_rcc.o
 .comment       0x0000006e       0x6f Drivers/STM32L0xx_HAL_Driver/Src/stm32l0xx_hal_spi.o
 .comment       0x0000006e       0x6f Drivers/STM32L0xx_HAL_Driver/Src/stm32l0xx_hal_tim.o
 .comment       0x0000006e       0x6f Drivers/STM32L0xx_HAL_Driver/Src/stm32l0xx_hal_tim_ex.o
 .comment       0x0000006e       0x6f Src/gpio.o
 .comment       0x0000006e       0x6f Src/main.o
 .comment       0x0000006e       0x6f Src/spi.o
 .comment       0x0000006e       0x6f Src/stm32l0xx_hal_msp.o
 .comment       0x0000006e       0x6f Src/stm32l0xx_it.o
 .comment       0x0000006e       0x6f Src/tim.o

.debug_frame    0x00000000     0x1454
 .debug_frame   0x00000000       0x3c Drivers/CMSIS/Device/ST/STM32L0xx/Source/Templates/system_stm32l0xx.o
 .debug_frame   0x0000003c      0x1c4 Drivers/STM32L0xx_HAL_Driver/Src/stm32l0xx_hal.o
 .debug_frame   0x00000200       0xf4 Drivers/STM32L0xx_HAL_Driver/Src/stm32l0xx_hal_cortex.o
 .debug_frame   0x000002f4       0xbc Drivers/STM32L0xx_HAL_Driver/Src/stm32l0xx_hal_gpio.o
 .debug_frame   0x000003b0      0x134 Drivers/STM32L0xx_HAL_Driver/Src/stm32l0xx_hal_rcc.o
 .debug_frame   0x000004e4      0x3c8 Drivers/STM32L0xx_HAL_Driver/Src/stm32l0xx_hal_spi.o
 .debug_frame   0x000008ac      0x8c0 Drivers/STM32L0xx_HAL_Driver/Src/stm32l0xx_hal_tim.o
 .debug_frame   0x0000116c       0x44 Drivers/STM32L0xx_HAL_Driver/Src/stm32l0xx_hal_tim_ex.o
 .debug_frame   0x000011b0       0x30 Src/gpio.o
 .debug_frame   0x000011e0       0x6c Src/main.o
 .debug_frame   0x0000124c       0x64 Src/spi.o
 .debug_frame   0x000012b0       0x28 Src/stm32l0xx_hal_msp.o
 .debug_frame   0x000012d8       0x68 Src/stm32l0xx_it.o
 .debug_frame   0x00001340       0xc8 Src/tim.o
 .debug_frame   0x00001408       0x20 /home/jakub/programs/AC6/plugins/fr.ac6.mcu.externaltools.arm-none.linux64_1.11.0.201610101240/tools/gcc-arm-none-eabi-5_4-2016q2/bin/../lib/gcc/arm-none-eabi/5.4.1/armv6-m/libgcc.a(_udivsi3.o)
 .debug_frame   0x00001428       0x2c /home/jakub/programs/AC6/plugins/fr.ac6.mcu.externaltools.arm-none.linux64_1.11.0.201610101240/tools/gcc-arm-none-eabi-5_4-2016q2/bin/../lib/gcc/arm-none-eabi/5.4.1/../../../../arm-none-eabi/lib/armv6-m/libc_nano.a(lib_a-init.o)
